== docs-helper.md (0644)
---
name: docs-helper
description: 'Finds and explains documentation: API pages, READMEs, changelogs.'
tools:
  - view_file
  - grep_search
  - run_command
  - manage_task
  - schedule
model: flash
preloadSkills:
  - doc-style
mainAgent: true
inheritMcp: false
---
Find the relevant documentation and explain it in plain words.
== loss report
[
  {
    "source": "Antigravity agent docs-helper",
    "target": "Antigravity agent docs-helper",
    "entries": [
      {
        "field": "name",
        "status": "mapped"
      },
      {
        "field": "description",
        "status": "mapped"
      },
      {
        "field": "tools",
        "status": "mapped"
      },
      {
        "field": "model",
        "status": "mapped"
      },
      {
        "field": "preloadSkills",
        "status": "mapped"
      },
      {
        "field": "mainAgent",
        "status": "mapped"
      },
      {
        "field": "inheritMcp",
        "status": "mapped"
      }
    ]
  }
]
