== code-reviewer.md (0644)
---
name: code-reviewer
description: 'Reviews a diff for correctness: off-by-one errors, unchecked errors, races. Use after any change to Go files.'
tools: Read, Grep, Glob
---

You review the current diff and report problems by severity.

Rules:
- Quote the exact line ("file.go:42") for every finding.
- Treat `\d+` in a regex as a digit run, not a literal.
== loss report
[
  {
    "source": "Claude Code agent code-reviewer",
    "target": "Claude Code agent code-reviewer",
    "entries": [
      {
        "field": "name",
        "status": "mapped"
      },
      {
        "field": "description",
        "status": "mapped"
      },
      {
        "field": "tools",
        "status": "mapped"
      }
    ]
  }
]
