== SKILL.md (0644)
---
name: demo-skill
description: 'Scan a path: report findings. Use when the user asks to scan.'
argument-hint: '[path | --all]'
allowed-tools: Read, Grep, Bash
when_to_use: 'Before publishing a repository.'
license: Apache-2.0
metadata:
  short-description: Scan for findings
---
# Demo skill

Scan $ARGUMENTS and report each finding.

Run [the helper](scripts/run.sh) for the heavy lifting.
== references/guide.md (0644)
# Guide

Reference material.
== scripts/run.sh (0755)
#!/usr/bin/env bash
echo "scanning $1"
== loss report
[
  {
    "source": "Claude Code skill demo-skill",
    "target": "Claude Code skill demo-skill",
    "entries": [
      {
        "field": "name",
        "status": "mapped"
      },
      {
        "field": "description",
        "status": "mapped"
      },
      {
        "field": "argument-hint",
        "status": "mapped"
      },
      {
        "field": "allowed-tools",
        "status": "mapped"
      },
      {
        "field": "when_to_use",
        "status": "mapped"
      },
      {
        "field": "license",
        "status": "mapped"
      },
      {
        "field": "metadata",
        "status": "mapped"
      },
      {
        "field": "resources",
        "status": "mapped",
        "detail": "2 bundled file(s) copied byte for byte with their modes"
      }
    ]
  }
]
