== planner.md (0644)
---
name: planner
description: 'Plans a change, then hands review to another agent.'
---
Break the request into steps. When something is unclear, ask with AskUserQuestion.

When the plan is done, delegate the review to `code-reviewer`.
== loss report
[
  {
    "source": "Claude Code agent planner",
    "target": "Claude Code agent planner",
    "entries": [
      {
        "field": "name",
        "status": "mapped"
      },
      {
        "field": "description",
        "status": "mapped"
      }
    ]
  }
]
