== patch-writer.md (0644)
---
name: patch-writer
description: 'Writes a patch from a precise description; never runs commands.'
tools: Edit, Write, WebSearch, Agent
effort: high
---
Write the smallest patch that matches the description.
Keep "quoted" text and \escapes exactly as given.
== loss report
[
  {
    "source": "Codex agent patch-writer",
    "target": "Claude Code agent patch-writer",
    "entries": [
      {
        "field": "name",
        "status": "mapped"
      },
      {
        "field": "description",
        "status": "mapped"
      },
      {
        "field": "tools",
        "status": "transformed",
        "detail": "Codex tool names written as Claude Code's"
      },
      {
        "field": "model",
        "status": "approximated",
        "detail": "Claude Code has no gpt-5-codex model; the agent gets Claude Code's default subagent model"
      },
      {
        "field": "effort",
        "status": "mapped"
      },
      {
        "field": "nickname_candidates",
        "status": "dropped",
        "detail": "Codex-only field"
      },
      {
        "field": "features",
        "status": "transformed",
        "detail": "shell_tool is reflected in tools"
      },
      {
        "field": "features",
        "status": "dropped",
        "detail": "no counterpart: apps"
      }
    ]
  }
]
