== git-helper.md (0644)
---
name: git-helper
description: 'Answers questions about the repository history.'
tools: Bash(git log *), Bash(git show *), Read, Task, NotebookEdit, mcp__tracker__get_issue
disallowedTools: Read
---
Answer from `git log` and `git show` output only.
== loss report
[
  {
    "source": "Claude Code agent git-helper",
    "target": "Claude Code agent git-helper",
    "entries": [
      {
        "field": "name",
        "status": "mapped"
      },
      {
        "field": "description",
        "status": "mapped"
      },
      {
        "field": "tools",
        "status": "mapped"
      },
      {
        "field": "disallowedTools",
        "status": "mapped"
      }
    ]
  }
]
